###############################################################################
#
# IAR ELF Linker V8.20.1.14183/W32 for ARM                25/Oct/2019  08:27:46
# Copyright 2007-2017 IAR Systems AB.
#
#    Output file  =  E:\New Folder\diyici\EWARM\diyici\Exe\diyici.out
#    Map file     =  E:\New Folder\diyici\EWARM\diyici\List\diyici.map
#    Command line =  
#        -f C:\Users\ww\AppData\Local\Temp\EW15C5.tmp ("E:\New
#        Folder\diyici\EWARM\diyici\Obj\app_x-cube-ble1.o" "E:\New
#        Folder\diyici\EWARM\diyici\Obj\ble_list.o" "E:\New
#        Folder\diyici\EWARM\diyici\Obj\bluenrg_gap_aci.o" "E:\New
#        Folder\diyici\EWARM\diyici\Obj\bluenrg_gatt_aci.o" "E:\New
#        Folder\diyici\EWARM\diyici\Obj\bluenrg_hal_aci.o" "E:\New
#        Folder\diyici\EWARM\diyici\Obj\bluenrg_l2cap_aci.o" "E:\New
#        Folder\diyici\EWARM\diyici\Obj\bluenrg_updater_aci.o" "E:\New
#        Folder\diyici\EWARM\diyici\Obj\bluenrg_utils_small.o" "E:\New
#        Folder\diyici\EWARM\diyici\Obj\custom.o" "E:\New
#        Folder\diyici\EWARM\diyici\Obj\custom_bus.o" "E:\New
#        Folder\diyici\EWARM\diyici\Obj\eddystone_beacon.o" "E:\New
#        Folder\diyici\EWARM\diyici\Obj\hci_le.o" "E:\New
#        Folder\diyici\EWARM\diyici\Obj\hci_tl.o" "E:\New
#        Folder\diyici\EWARM\diyici\Obj\hci_tl_interface.o" "E:\New
#        Folder\diyici\EWARM\diyici\Obj\main.o" "E:\New
#        Folder\diyici\EWARM\diyici\Obj\sensor_service.o" "E:\New
#        Folder\diyici\EWARM\diyici\Obj\startup_stm32f401xe.o" "E:\New
#        Folder\diyici\EWARM\diyici\Obj\stm32f4xx_hal.o" "E:\New
#        Folder\diyici\EWARM\diyici\Obj\stm32f4xx_hal_cortex.o" "E:\New
#        Folder\diyici\EWARM\diyici\Obj\stm32f4xx_hal_dma.o" "E:\New
#        Folder\diyici\EWARM\diyici\Obj\stm32f4xx_hal_dma_ex.o" "E:\New
#        Folder\diyici\EWARM\diyici\Obj\stm32f4xx_hal_exti.o" "E:\New
#        Folder\diyici\EWARM\diyici\Obj\stm32f4xx_hal_flash.o" "E:\New
#        Folder\diyici\EWARM\diyici\Obj\stm32f4xx_hal_flash_ex.o" "E:\New
#        Folder\diyici\EWARM\diyici\Obj\stm32f4xx_hal_flash_ramfunc.o" "E:\New
#        Folder\diyici\EWARM\diyici\Obj\stm32f4xx_hal_gpio.o" "E:\New
#        Folder\diyici\EWARM\diyici\Obj\stm32f4xx_hal_msp.o" "E:\New
#        Folder\diyici\EWARM\diyici\Obj\stm32f4xx_hal_pwr.o" "E:\New
#        Folder\diyici\EWARM\diyici\Obj\stm32f4xx_hal_pwr_ex.o" "E:\New
#        Folder\diyici\EWARM\diyici\Obj\stm32f4xx_hal_rcc.o" "E:\New
#        Folder\diyici\EWARM\diyici\Obj\stm32f4xx_hal_rcc_ex.o" "E:\New
#        Folder\diyici\EWARM\diyici\Obj\stm32f4xx_hal_rtc.o" "E:\New
#        Folder\diyici\EWARM\diyici\Obj\stm32f4xx_hal_rtc_ex.o" "E:\New
#        Folder\diyici\EWARM\diyici\Obj\stm32f4xx_hal_spi.o" "E:\New
#        Folder\diyici\EWARM\diyici\Obj\stm32f4xx_hal_tim.o" "E:\New
#        Folder\diyici\EWARM\diyici\Obj\stm32f4xx_hal_tim_ex.o" "E:\New
#        Folder\diyici\EWARM\diyici\Obj\stm32f4xx_hal_uart.o" "E:\New
#        Folder\diyici\EWARM\diyici\Obj\stm32f4xx_it.o" "E:\New
#        Folder\diyici\EWARM\diyici\Obj\system_stm32f4xx.o" --redirect
#        _Printf=_PrintfFull --redirect _Scanf=_ScanfFull -o "E:\New
#        Folder\diyici\EWARM\diyici\Exe\diyici.out" --map "E:\New
#        Folder\diyici\EWARM\diyici\List\diyici.map" --config "E:\New
#        Folder\diyici\EWARM/stm32f401xe_flash.icf" --semihosting --entry
#        __iar_program_start --vfe --text_out locale)
#
###############################################################################

*******************************************************************************
*** RUNTIME MODEL ATTRIBUTES
***

CppFlavor       = *
__SystemLibrary = DLib
__dlib_version  = 6


*******************************************************************************
*** HEAP SELECTION
***

The basic heap was selected because no calls to memory allocation
functions were found in the application outside of system library
functions, and there are calls to deallocation functions in the
application.


*******************************************************************************
*** PLACEMENT SUMMARY
***

"A0":  place at 0x08000000 { ro section .intvec };
"P1":  place in [from 0x08000000 to 0x0807ffff] { ro };
define block CSTACK with size = 1K, alignment = 8 { };
define block HEAP with size = 512, alignment = 8 { };
"P2":  place in [from 0x20000000 to 0x20017fff] {
          rw, block CSTACK, block HEAP };
initialize by copy { rw };

  Section            Kind        Address    Size  Object
  -------            ----        -------    ----  ------
"A0":                                      0x194
  .intvec            ro code  0x08000000   0x194  startup_stm32f401xe.o [1]
                            - 0x08000194   0x194

"P1":                                     0x273c
  .text              ro code  0x08000194   0x34c  stm32f4xx_hal_spi.o [1]
  .text              ro code  0x080004e0     0xc  stm32f4xx_hal.o [1]
  .text              ro code  0x080004ec   0x2f0  stm32f4xx_hal_rcc.o [1]
  .text              ro code  0x080007dc   0x2ca  hci_tl.o [1]
  .text              ro code  0x08000aa6     0x2  sensor_service.o [1]
  .text              ro code  0x08000aa8    0xa6  ABImemcpy.o [5]
  .text              ro code  0x08000b4e    0xb0  ble_list.o [1]
  .text              ro code  0x08000c00   0x25c  hci_tl_interface.o [1]
  .text              ro code  0x08000e5c   0x2bc  stm32f4xx_hal_gpio.o [1]
  .text              ro code  0x08001118    0xe4  custom_bus.o [1]
  .text              ro code  0x080011fc    0x28  stm32f4xx_hal.o [1]
  .text              ro code  0x08001224    0x34  stm32f4xx_hal_exti.o [1]
  .text              ro code  0x08001258    0xc8  stm32f4xx_hal_cortex.o [1]
  .text              ro code  0x08001320   0x250  bluenrg_gap_aci.o [1]
  .text              ro code  0x08001570     0x6  ABImemclr4.o [5]
  .text              ro code  0x08001578    0x32  ABImemset48.o [5]
  .text              ro code  0x080015ac   0x22e  I64DivMod.o [5]
  .text              ro code  0x080017dc     0x2  I64DivZer.o [5]
  .text              ro code  0x080017e0   0x1fc  stm32f4xx_hal_uart.o [1]
  .text              ro code  0x080019dc   0x1a0  stm32f4xx_hal_rcc.o [1]
  .text              ro code  0x08001b7c    0x40  stm32f4xx_hal.o [1]
  .text              ro code  0x08001bbc   0x1b8  main.o [1]
  .text              ro code  0x08001d74    0x34  stm32f4xx_hal.o [1]
  .text              ro code  0x08001da8   0x11c  stm32f4xx_hal_rtc.o [1]
  .text              ro code  0x08001ec4    0xd0  app_x-cube-ble1.o [1]
  .text              ro code  0x08001f94   0x140  stm32f4xx_hal_rcc_ex.o [1]
  .text              ro code  0x080020d4    0x50  stm32f4xx_hal_msp.o [1]
  .text              ro code  0x08002124    0xb8  custom.o [1]
  .text              ro code  0x080021dc    0x4e  bluenrg_utils_small.o [1]
  .text              ro code  0x0800222a   0x120  hci_le.o [1]
  .text              ro code  0x0800234a    0xb4  bluenrg_hal_aci.o [1]
  .text              ro code  0x080023fe    0x46  bluenrg_gatt_aci.o [1]
  .text              ro code  0x08002444   0x188  eddystone_beacon.o [1]
  .text              ro code  0x080025cc    0x34  stm32f4xx_hal_pwr.o [1]
  .text              ro code  0x08002600    0x60  system_stm32f4xx.o [1]
  .text              ro code  0x08002660    0x40  zero_init3.o [5]
  .text              ro code  0x080026a0    0x38  packbits_init_single.o [5]
  .text              ro code  0x080026d8    0x28  data_init.o [5]
  .text              ro code  0x08002700    0x22  fpinit_M.o [4]
  .iar.init_table    const    0x08002724    0x20  - Linker created -
  .text              ro code  0x08002744    0x20  stm32f4xx_it.o [1]
  .text              ro code  0x08002764    0x10  stm32f4xx_hal.o [1]
  .text              ro code  0x08002774    0x1e  cmain.o [5]
  .text              ro code  0x08002792     0x4  low_level_init.o [3]
  .text              ro code  0x08002796     0x4  exit.o [3]
  .text              ro code  0x0800279c     0xa  cexit.o [5]
  .text              ro code  0x080027a8    0x14  exit.o [6]
  .text              ro code  0x080027bc    0x10  startup_stm32f401xe.o [1]
  .text              ro code  0x080027cc     0xc  cstartup_M.o [5]
  .rodata            const    0x080027d8     0x8  system_stm32f4xx.o [1]
  .text              ro code  0x080027e0     0x4  startup_stm32f401xe.o [1]
  .text              ro code  0x080027e4     0x4  startup_stm32f401xe.o [1]
  .text              ro code  0x080027e8     0x4  startup_stm32f401xe.o [1]
  .text              ro code  0x080027ec     0x4  startup_stm32f401xe.o [1]
  .text              ro code  0x080027f0     0x4  startup_stm32f401xe.o [1]
  .text              ro code  0x080027f4     0x4  startup_stm32f401xe.o [1]
  .text              ro code  0x080027f8     0x4  startup_stm32f401xe.o [1]
  .text              ro code  0x080027fc     0x4  startup_stm32f401xe.o [1]
  .text              ro code  0x08002800     0x4  startup_stm32f401xe.o [1]
  .text              ro code  0x08002804     0x4  startup_stm32f401xe.o [1]
  .text              ro code  0x08002808     0x4  startup_stm32f401xe.o [1]
  .text              ro code  0x0800280c     0x4  startup_stm32f401xe.o [1]
  .text              ro code  0x08002810     0x4  startup_stm32f401xe.o [1]
  .text              ro code  0x08002814     0x4  startup_stm32f401xe.o [1]
  .text              ro code  0x08002818     0x4  startup_stm32f401xe.o [1]
  .text              ro code  0x0800281c     0x4  startup_stm32f401xe.o [1]
  .text              ro code  0x08002820     0x4  startup_stm32f401xe.o [1]
  .text              ro code  0x08002824     0x4  startup_stm32f401xe.o [1]
  .text              ro code  0x08002828     0x4  startup_stm32f401xe.o [1]
  .text              ro code  0x0800282c     0x4  startup_stm32f401xe.o [1]
  .text              ro code  0x08002830     0x4  startup_stm32f401xe.o [1]
  .text              ro code  0x08002834     0x4  startup_stm32f401xe.o [1]
  .text              ro code  0x08002838     0x4  startup_stm32f401xe.o [1]
  .text              ro code  0x0800283c     0x4  startup_stm32f401xe.o [1]
  .text              ro code  0x08002840     0x4  startup_stm32f401xe.o [1]
  .text              ro code  0x08002844     0x4  startup_stm32f401xe.o [1]
  .text              ro code  0x08002848     0x4  startup_stm32f401xe.o [1]
  .text              ro code  0x0800284c     0x4  startup_stm32f401xe.o [1]
  .text              ro code  0x08002850     0x4  startup_stm32f401xe.o [1]
  .text              ro code  0x08002854     0x4  startup_stm32f401xe.o [1]
  .text              ro code  0x08002858     0x4  startup_stm32f401xe.o [1]
  .text              ro code  0x0800285c     0x4  startup_stm32f401xe.o [1]
  .text              ro code  0x08002860     0x4  startup_stm32f401xe.o [1]
  .text              ro code  0x08002864     0x4  startup_stm32f401xe.o [1]
  .text              ro code  0x08002868     0x4  startup_stm32f401xe.o [1]
  .text              ro code  0x0800286c     0x4  startup_stm32f401xe.o [1]
  .text              ro code  0x08002870     0x4  startup_stm32f401xe.o [1]
  .text              ro code  0x08002874     0x4  startup_stm32f401xe.o [1]
  .text              ro code  0x08002878     0x4  startup_stm32f401xe.o [1]
  .text              ro code  0x0800287c     0x4  startup_stm32f401xe.o [1]
  .text              ro code  0x08002880     0x4  startup_stm32f401xe.o [1]
  .text              ro code  0x08002884     0x4  startup_stm32f401xe.o [1]
  .text              ro code  0x08002888     0x4  startup_stm32f401xe.o [1]
  .text              ro code  0x0800288c     0x4  startup_stm32f401xe.o [1]
  .text              ro code  0x08002890     0x4  startup_stm32f401xe.o [1]
  .text              ro code  0x08002894     0x4  startup_stm32f401xe.o [1]
  .text              ro code  0x08002898     0x4  startup_stm32f401xe.o [1]
  .text              ro code  0x0800289c     0x4  startup_stm32f401xe.o [1]
  .text              ro code  0x080028a0     0x4  startup_stm32f401xe.o [1]
  .text              ro code  0x080028a4     0x4  startup_stm32f401xe.o [1]
  .text              ro code  0x080028a8     0x4  startup_stm32f401xe.o [1]
  .text              ro code  0x080028ac     0x4  startup_stm32f401xe.o [1]
  .text              ro code  0x080028b0     0x4  startup_stm32f401xe.o [1]
  .text              ro code  0x080028b4     0x4  startup_stm32f401xe.o [1]
  .text              ro code  0x080028b8     0x4  startup_stm32f401xe.o [1]
  .rodata            const    0x080028bc     0x0  zero_init3.o [5]
  .rodata            const    0x080028bc     0x0  packbits_init_single.o [5]
  Initializer bytes  const    0x080028bc    0x14  <for P2-1>
                            - 0x080028d0  0x273c

"P2", part 1 of 3:                          0x58
  P2-1                        0x20000000    0x58  <Init block>
    .data            inited   0x20000000    0x48  custom.o [1]
    .data            inited   0x20000048     0xc  stm32f4xx_hal.o [1]
    .data            inited   0x20000054     0x4  system_stm32f4xx.o [1]
                            - 0x20000058    0x58

"P2", part 2 of 3:                         0x474
  .bss               zero     0x20000058   0x2ec  hci_tl.o [1]
  .bss               zero     0x20000344   0x100  hci_tl_interface.o [1]
  .bss               zero     0x20000444    0x5c  custom_bus.o [1]
  .bss               zero     0x200004a0    0x20  main.o [1]
  .bss               zero     0x200004c0     0xc  hci_tl_interface.o [1]
                            - 0x200004cc   0x474

"P2", part 3 of 3:                         0x400
  CSTACK                      0x200004d0   0x400  <Block>
    CSTACK           uninit   0x200004d0   0x400  <Block tail>
                            - 0x200008d0   0x400


*******************************************************************************
*** INIT TABLE
***

          Address     Size
          -------     ----
Zero (__iar_zero_init3)
    1 destination range, total size 0x474:
          0x20000058  0x474

Copy/packbits (__iar_packbits_init_single3)
    1 source range, total size 0x14 (22% of destination):
          0x080028bc   0x14
    1 destination range, total size 0x58:
          0x20000000   0x58



*******************************************************************************
*** MODULE SUMMARY
***

    Module                  ro code  ro data  rw data
    ------                  -------  -------  -------
E:\New Folder\diyici\EWARM\diyici\Obj: [1]
    app_x-cube-ble1.o           208
    ble_list.o                  176
    bluenrg_gap_aci.o           592
    bluenrg_gatt_aci.o           70
    bluenrg_hal_aci.o           180
    bluenrg_utils_small.o        78
    custom.o                    184       16       72
    custom_bus.o                228                92
    eddystone_beacon.o          392
    hci_le.o                    288
    hci_tl.o                    714               748
    hci_tl_interface.o          604               268
    main.o                      440                32
    sensor_service.o              2
    startup_stm32f401xe.o       640
    stm32f4xx_hal.o             184        3       12
    stm32f4xx_hal_cortex.o      200
    stm32f4xx_hal_exti.o         52
    stm32f4xx_hal_gpio.o        700
    stm32f4xx_hal_msp.o          80
    stm32f4xx_hal_pwr.o          52
    stm32f4xx_hal_rcc.o       1 168
    stm32f4xx_hal_rcc_ex.o      320
    stm32f4xx_hal_rtc.o         284
    stm32f4xx_hal_spi.o         844
    stm32f4xx_hal_uart.o        508
    stm32f4xx_it.o               32
    system_stm32f4xx.o           96        9        4
    -------------------------------------------------
    Total:                    9 316       28    1 228

command line: [2]
    -------------------------------------------------
    Total:

dl7M_tlf.a: [3]
    exit.o                        4
    low_level_init.o              4
    -------------------------------------------------
    Total:                        8

m7M_tls.a: [4]
    fpinit_M.o                   34
    -------------------------------------------------
    Total:                       34

rt7M_tl.a: [5]
    ABImemclr4.o                  6
    ABImemcpy.o                 166
    ABImemset48.o                50
    I64DivMod.o                 558
    I64DivZer.o                   2
    cexit.o                      10
    cmain.o                      30
    cstartup_M.o                 12
    data_init.o                  40
    packbits_init_single.o       56
    zero_init3.o                 64
    -------------------------------------------------
    Total:                      994

shb_l.a: [6]
    exit.o                       20
    -------------------------------------------------
    Total:                       20

    Gaps                         14        2
    Linker created                        32    1 024
-----------------------------------------------------
    Grand Total:             10 386       62    2 252


*******************************************************************************
*** ENTRY LIST
***

Entry                      Address   Size  Type      Object
-----                      -------   ----  ----      ------
.iar.init_table$$Base   0x08002724          --   Gb  - Linker created -
.iar.init_table$$Limit  0x08002744          --   Gb  - Linker created -
?main                   0x08002775         Code  Gb  cmain.o [5]
AHBPrescTable           0x08002650   0x10  Data  Gb  system_stm32f4xx.o [1]
APBPrescTable           0x080027d8    0x8  Data  Gb  system_stm32f4xx.o [1]
BSP_COM_Init            0x08002125   0x7e  Code  Gb  custom.o [1]
BSP_GetTick             0x080011bd    0x4  Code  Gb  custom_bus.o [1]
BSP_SPI1_Init           0x08001119   0x72  Code  Gb  custom_bus.o [1]
BSP_SPI1_SendRecv       0x0800118b   0x20  Code  Gb  custom_bus.o [1]
BusFault_Handler        0x0800274b    0x2  Code  Gb  stm32f4xx_it.o [1]
COM_ActiveLogPort       0x20000000    0x1  Data  Lc  custom.o [1]
COM_USART               0x20000004    0x4  Data  Gb  custom.o [1]
CSTACK$$Base            0x200004d0          --   Gb  - Linker created -
CSTACK$$Limit           0x200008d0          --   Gb  - Linker created -
DebugMon_Handler        0x08002751    0x2  Code  Gb  stm32f4xx_it.o [1]
EXTI4_IRQHandler        0x08002759    0x6  Code  Gb  stm32f4xx_it.o [1]
EddystoneUID_Init       0x08002485   0xe4  Code  Gb  eddystone_beacon.o [1]
EddystoneUID_Start      0x08002445   0x40  Code  Gb  eddystone_beacon.o [1]
EnterStopMode           0x08001f73   0x12  Code  Gb  app_x-cube-ble1.o [1]
HAL_Delay               0x080011fd   0x28  Code  Wk  stm32f4xx_hal.o [1]
HAL_EXTI_GetHandle      0x08001233    0xc  Code  Gb  stm32f4xx_hal_exti.o [1]
HAL_EXTI_IRQHandler     0x0800123f   0x14  Code  Gb  stm32f4xx_hal_exti.o [1]
HAL_EXTI_RegisterCallback
                        0x08001225    0xe  Code  Gb  stm32f4xx_hal_exti.o [1]
HAL_GPIO_DeInit         0x08000ff1   0xee  Code  Gb  stm32f4xx_hal_gpio.o [1]
HAL_GPIO_Init           0x08000e5d  0x194  Code  Gb  stm32f4xx_hal_gpio.o [1]
HAL_GPIO_ReadPin        0x080010df    0xc  Code  Gb  stm32f4xx_hal_gpio.o [1]
HAL_GPIO_WritePin       0x080010eb    0x8  Code  Gb  stm32f4xx_hal_gpio.o [1]
HAL_GetTick             0x080004e1    0xc  Code  Wk  stm32f4xx_hal.o [1]
HAL_IncTick             0x08002765   0x10  Code  Wk  stm32f4xx_hal.o [1]
HAL_Init                0x08001d75   0x30  Code  Gb  stm32f4xx_hal.o [1]
HAL_InitTick            0x08001b7d   0x40  Code  Wk  stm32f4xx_hal.o [1]
HAL_MspInit             0x080020d5   0x34  Code  Gb  stm32f4xx_hal_msp.o [1]
HAL_NVIC_EnableIRQ      0x080012cb   0x16  Code  Gb  stm32f4xx_hal_cortex.o [1]
HAL_NVIC_SetPriority    0x08001291   0x3a  Code  Gb  stm32f4xx_hal_cortex.o [1]
HAL_NVIC_SetPriorityGrouping
                        0x08001277   0x1a  Code  Gb  stm32f4xx_hal_cortex.o [1]
HAL_PWR_EnterSTOPMode   0x080025cd   0x2c  Code  Gb  stm32f4xx_hal_pwr.o [1]
HAL_RCCEx_PeriphCLKConfig
                        0x08001f95  0x114  Code  Gb  stm32f4xx_hal_rcc_ex.o [1]
HAL_RCC_ClockConfig     0x080019dd   0xfe  Code  Gb  stm32f4xx_hal_rcc.o [1]
HAL_RCC_GetPCLK1Freq    0x08001ae7   0x10  Code  Gb  stm32f4xx_hal_rcc.o [1]
HAL_RCC_GetPCLK2Freq    0x08001af7    0xe  Code  Gb  stm32f4xx_hal_rcc.o [1]
HAL_RCC_OscConfig       0x080004ed  0x2f0  Code  Wk  stm32f4xx_hal_rcc.o [1]
HAL_RTC_Init            0x08001da9   0x84  Code  Gb  stm32f4xx_hal_rtc.o [1]
HAL_RTC_MspInit         0x08002109   0x10  Code  Gb  stm32f4xx_hal_msp.o [1]
HAL_RTC_WaitForSynchro  0x08001e5d   0x32  Code  Gb  stm32f4xx_hal_rtc.o [1]
HAL_SPI_GetState        0x08000411    0x6  Code  Gb  stm32f4xx_hal_spi.o [1]
HAL_SPI_Init            0x08000195   0x78  Code  Gb  stm32f4xx_hal_spi.o [1]
HAL_SPI_TransmitReceive
                        0x0800020d  0x1a0  Code  Gb  stm32f4xx_hal_spi.o [1]
HAL_SYSTICK_Config      0x080012e1   0x28  Code  Gb  stm32f4xx_hal_cortex.o [1]
HAL_UART_Init           0x080017e1   0x1e  Code  Gb  stm32f4xx_hal_uart.o [1]
HCI_TL_SPI_DeInit       0x08000c65   0x1e  Code  Gb  hci_tl_interface.o [1]
HCI_TL_SPI_Init         0x08000c01   0x64  Code  Gb  hci_tl_interface.o [1]
HCI_TL_SPI_Receive      0x08000cab   0x78  Code  Gb  hci_tl_interface.o [1]
HCI_TL_SPI_Reset        0x08000c83   0x28  Code  Gb  hci_tl_interface.o [1]
HCI_TL_SPI_Send         0x08000d23   0x84  Code  Gb  hci_tl_interface.o [1]
HCI_TL_SPI_Send::read_char_buf
                        0x20000344  0x100  Data  Lc  hci_tl_interface.o [1]
HardFault_Handler       0x08002747    0x2  Code  Gb  stm32f4xx_it.o [1]
MX_BlueNRG_MS_Init      0x08001ec5   0xa0  Code  Gb  app_x-cube-ble1.o [1]
MX_BlueNRG_MS_Process   0x08001f65    0xe  Code  Gb  app_x-cube-ble1.o [1]
MX_GPIO_Init            0x08001c97   0xa0  Code  Lc  main.o [1]
MemManage_Handler       0x08002749    0x2  Code  Gb  stm32f4xx_it.o [1]
NMI_Handler             0x08002745    0x2  Code  Gb  stm32f4xx_it.o [1]
PendSV_Handler          0x08002753    0x2  Code  Gb  stm32f4xx_it.o [1]
RTC_EnterInitMode       0x08001e8f   0x36  Code  Gb  stm32f4xx_hal_rtc.o [1]
Region$$Table$$Base     0x08002724          --   Gb  - Linker created -
Region$$Table$$Limit    0x08002744          --   Gb  - Linker created -
SPI1InitCounter         0x2000049c    0x4  Data  Lc  custom_bus.o [1]
SPI_EndRxTxTransaction  0x080004bb   0x16  Code  Lc  stm32f4xx_hal_spi.o [1]
SPI_WaitFlagStateUntilTimeout
                        0x08000425   0x8a  Code  Lc  stm32f4xx_hal_spi.o [1]
SVC_Handler             0x0800274f    0x2  Code  Gb  stm32f4xx_it.o [1]
SysTick_Handler         0x08002755    0x4  Code  Gb  stm32f4xx_it.o [1]
SystemClock_Config      0x08001bf3   0xa4  Code  Gb  main.o [1]
SystemCoreClock         0x20000054    0x4  Data  Gb  system_stm32f4xx.o [1]
SystemInit              0x08002601   0x3a  Code  Gb  system_stm32f4xx.o [1]
UART_SetConfig          0x08001859  0x13a  Code  Lc  stm32f4xx_hal_uart.o [1]
UsageFault_Handler      0x0800274d    0x2  Code  Gb  stm32f4xx_it.o [1]
__NVIC_SetPriority      0x08001259   0x1e  Code  Lc  stm32f4xx_hal_cortex.o [1]
__aeabi_ldiv0           0x080017dd         Code  Gb  I64DivZer.o [5]
__aeabi_memclr4         0x08001571         Code  Gb  ABImemclr4.o [5]
__aeabi_memcpy          0x08000aa9         Code  Gb  ABImemcpy.o [5]
__aeabi_memcpy4         0x08000ac9         Code  Gb  ABImemcpy.o [5]
__aeabi_memcpy8         0x08000ac9         Code  Gb  ABImemcpy.o [5]
__aeabi_uldivmod        0x080015ad         Code  Gb  I64DivMod.o [5]
__cmain                 0x08002775         Code  Gb  cmain.o [5]
__exit                  0x080027a9   0x14  Code  Gb  exit.o [6]
__iar_Memset4_word      0x08001579         Code  Gb  ABImemset48.o [5]
__iar_Memset8_word      0x08001579         Code  Gb  ABImemset48.o [5]
__iar_data_init3        0x080026d9   0x28  Code  Gb  data_init.o [5]
__iar_init_vfp          0x08002701         Code  Gb  fpinit_M.o [4]
__iar_packbits_init_single3
                        0x080026a1   0x38  Code  Gb  packbits_init_single.o [5]
__iar_program_start     0x080027cd         Code  Gb  cstartup_M.o [5]
__iar_systems$$module {Abs}
                        0x00000001         Data  Gb  command line/config [2]
__iar_zero_init3        0x08002661   0x40  Code  Gb  zero_init3.o [5]
__low_level_init        0x08002793    0x4  Code  Gb  low_level_init.o [3]
__vector_table          0x08000000         Data  Gb  startup_stm32f401xe.o [1]
_call_main              0x08002781         Code  Gb  cmain.o [5]
_exit                   0x0800279d         Code  Gb  cexit.o [5]
_main                   0x0800278f         Code  Gb  cmain.o [5]
aci_gap_delete_ad_type  0x080014ed   0x28  Code  Gb  bluenrg_gap_aci.o [1]
aci_gap_init_IDB04A1    0x08001371   0x48  Code  Gb  bluenrg_gap_aci.o [1]
aci_gap_init_IDB05A1    0x08001321   0x50  Code  Gb  bluenrg_gap_aci.o [1]
aci_gap_set_discoverable
                        0x080013d3   0x56  Code  Gb  bluenrg_gap_aci.o [1]
aci_gap_update_adv_data
                        0x080014a5   0x48  Code  Gb  bluenrg_gap_aci.o [1]
aci_gatt_init           0x080023ff   0x2c  Code  Gb  bluenrg_gatt_aci.o [1]
aci_hal_set_tx_power_level
                        0x080023c1   0x3e  Code  Gb  bluenrg_hal_aci.o [1]
aci_hal_write_config_data
                        0x0800235d   0x5c  Code  Gb  bluenrg_hal_aci.o [1]
exit                    0x08002797    0x4  Code  Gb  exit.o [3]
getBlueNRGVersion       0x080021dd   0x4e  Code  Gb  bluenrg_utils_small.o [1]
hciContext              0x20000058   0x20  Data  Lc  hci_tl.o [1]
hciReadPacketBuffer     0x20000088  0x2bc  Data  Lc  hci_tl.o [1]
hciReadPktPool          0x20000078    0x8  Data  Gb  hci_tl.o [1]
hciReadPktRxQueue       0x20000080    0x8  Data  Gb  hci_tl.o [1]
hci_init                0x08000847   0x4e  Code  Gb  hci_tl.o [1]
hci_le_read_local_version
                        0x08002251   0x50  Code  Gb  hci_le.o [1]
hci_le_set_scan_resp_data
                        0x080022ab   0x40  Code  Gb  hci_le.o [1]
hci_notify_asynch_evt   0x08000a39   0x60  Code  Gb  hci_tl.o [1]
hci_register_io_bus     0x08000895   0x18  Code  Gb  hci_tl.o [1]
hci_reset               0x0800222b   0x26  Code  Gb  hci_le.o [1]
hci_send_req            0x080008ad  0x14e  Code  Gb  hci_tl.o [1]
hci_tl_lowlevel_init    0x08000db1   0x4c  Code  Gb  hci_tl_interface.o [1]
hci_tl_lowlevel_isr     0x08000dfd   0x1c  Code  Gb  hci_tl_interface.o [1]
hci_user_evt_proc       0x08000a03   0x36  Code  Gb  hci_tl.o [1]
hcom_uart               0x20000008   0x40  Data  Gb  custom.o [1]
hexti4                  0x200004c0    0xc  Data  Gb  hci_tl_interface.o [1]
hrtc                    0x200004a0   0x20  Data  Gb  main.o [1]
hspi1                   0x20000444   0x58  Data  Gb  custom_bus.o [1]
list_get_size           0x08000bdf   0x18  Code  Gb  ble_list.o [1]
list_init_head          0x08000b4f    0x6  Code  Gb  ble_list.o [1]
list_insert_head        0x08000b67   0x14  Code  Gb  ble_list.o [1]
list_insert_tail        0x08000b7b   0x14  Code  Gb  ble_list.o [1]
list_is_empty           0x08000b55   0x12  Code  Gb  ble_list.o [1]
list_remove_head        0x08000ba7   0x12  Code  Gb  ble_list.o [1]
list_remove_node        0x08000b8f   0x12  Code  Gb  ble_list.o [1]
list_remove_tail        0x08000bb9   0x10  Code  Gb  ble_list.o [1]
main                    0x08001bbd   0x36  Code  Gb  main.o [1]
move_list               0x08000823   0x24  Code  Lc  hci_tl.o [1]
send_cmd                0x080007dd   0x46  Code  Lc  hci_tl.o [1]
user_notify             0x08000aa7    0x2  Code  Gb  sensor_service.o [1]
uwTick                  0x2000004c    0x4  Data  Gb  stm32f4xx_hal.o [1]
uwTickFreq              0x20000048    0x1  Data  Gb  stm32f4xx_hal.o [1]
uwTickPrio              0x20000050    0x4  Data  Gb  stm32f4xx_hal.o [1]


[1] = E:\New Folder\diyici\EWARM\diyici\Obj
[2] = command line
[3] = dl7M_tlf.a
[4] = m7M_tls.a
[5] = rt7M_tl.a
[6] = shb_l.a

  10 386 bytes of readonly  code memory
      62 bytes of readonly  data memory
   2 252 bytes of readwrite data memory

Errors: none
Warnings: none
